// Jest Snapshot v1, https://goo.gl/fbAQLP

exports[`PedometerSensor renders correctly 1`] = `
<View
  style={
    Array [
      Object {
        "alignItems": "center",
        "flexBasis": 0,
        "flexGrow": 1,
        "flexShrink": 1,
        "justifyContent": "center",
        "marginTop": 15,
      },
      undefined,
    ]
  }
>
  <Text
    accessible={true}
    allowFontScaling={true}
    ellipsizeMode="tail"
  >
    Steps taken in the last 24 hours: 
    0
  </Text>
  <Text
    accessible={true}
    allowFontScaling={true}
    ellipsizeMode="tail"
  >
    Walk! And watch this go up: 
    0
  </Text>
</View>
`;
